[0.145s] DEBUG:colcon:Command line arguments: ['/usr/bin/colcon', 'build', '--packages-select', '3_node']
[0.145s] DEBUG:colcon:Parsed command line arguments: Namespace(log_base=None, log_level=None, verb_name='build', build_base='build', install_base='install', merge_install=False, symlink_install=False, test_result_base=None, continue_on_error=False, executor='parallel', parallel_workers=28, event_handlers=None, ignore_user_meta=False, metas=['./colcon.meta'], base_paths=['.'], packages_ignore=None, packages_ignore_regex=None, paths=None, packages_up_to=None, packages_up_to_regex=None, packages_above=None, packages_above_and_dependencies=None, packages_above_depth=None, packages_select_by_dep=None, packages_skip_by_dep=None, packages_skip_up_to=None, packages_select_build_failed=False, packages_skip_build_finished=False, packages_select_test_failures=False, packages_skip_test_passed=False, packages_select=['3_node'], packages_skip=None, packages_select_regex=None, packages_skip_regex=None, packages_start=None, packages_end=None, cmake_args=None, cmake_target=None, cmake_target_skip_unavailable=False, cmake_clean_cache=False, cmake_clean_first=False, cmake_force_configure=False, ament_cmake_args=None, catkin_cmake_args=None, catkin_skip_building_tests=False, mixin_files=None, mixin=None, verb_parser=<colcon_mixin.mixin.mixin_argument.MixinArgumentDecorator object at 0x7a7637e68250>, verb_extension=<colcon_core.verb.build.BuildVerb object at 0x7a7637e2f3a0>, main=<bound method BuildVerb.main of <colcon_core.verb.build.BuildVerb object at 0x7a7637e2f3a0>>, mixin_verb=('build',))
[0.317s] Level 1:colcon.colcon_core.package_discovery:discover_packages(colcon_meta) check parameters
[0.318s] INFO:colcon.colcon_metadata.package_discovery.colcon_meta:Using configuration from '/root/.colcon/metadata/default/Gazebo.meta'
[0.319s] INFO:colcon.colcon_metadata.package_discovery.colcon_meta:Using configuration from '/root/.colcon/metadata/default/fastdds.meta'
[0.319s] INFO:colcon.colcon_metadata.package_discovery.colcon_meta:Using configuration from '/root/.colcon/metadata/default/fastrtps.meta'
[0.319s] Level 1:colcon.colcon_core.package_discovery:discover_packages(recursive) check parameters
[0.319s] Level 1:colcon.colcon_core.package_discovery:discover_packages(ignore) check parameters
[0.319s] Level 1:colcon.colcon_core.package_discovery:discover_packages(path) check parameters
[0.319s] Level 1:colcon.colcon_core.package_discovery:discover_packages(colcon_meta) discover
[0.319s] Level 1:colcon.colcon_core.package_discovery:discover_packages(recursive) discover
[0.319s] INFO:colcon.colcon_core.package_discovery:Crawling recursively for packages in '/root/ros_ws/task1_ws/3_node'
[0.320s] Level 1:colcon.colcon_core.package_identification:_identify(.) by extensions ['ignore', 'ignore_ament_install']
[0.320s] Level 1:colcon.colcon_core.package_identification:_identify(.) by extension 'ignore'
[0.320s] Level 1:colcon.colcon_core.package_identification:_identify(.) by extension 'ignore_ament_install'
[0.320s] Level 1:colcon.colcon_core.package_identification:_identify(.) by extensions ['colcon_pkg']
[0.320s] Level 1:colcon.colcon_core.package_identification:_identify(.) by extension 'colcon_pkg'
[0.320s] Level 1:colcon.colcon_core.package_identification:_identify(.) by extensions ['colcon_meta']
[0.320s] Level 1:colcon.colcon_core.package_identification:_identify(.) by extension 'colcon_meta'
[0.320s] Level 1:colcon.colcon_core.package_identification:_identify(.) by extensions ['ros']
[0.320s] Level 1:colcon.colcon_core.package_identification:_identify(.) by extension 'ros'
[0.336s] DEBUG:colcon.colcon_core.package_identification:Package '.' with type 'ros.ament_python' and name '3_node'
[0.336s] Level 1:colcon.colcon_core.package_discovery:discover_packages(recursive) using defaults
[0.336s] Level 1:colcon.colcon_core.package_discovery:discover_packages(ignore) discover
[0.337s] Level 1:colcon.colcon_core.package_discovery:discover_packages(ignore) using defaults
[0.337s] Level 1:colcon.colcon_core.package_discovery:discover_packages(path) discover
[0.337s] Level 1:colcon.colcon_core.package_discovery:discover_packages(path) using defaults
[0.363s] Level 5:colcon.colcon_core.verb:set package '3_node' build argument 'cmake_args' from command line to 'None'
[0.363s] Level 5:colcon.colcon_core.verb:set package '3_node' build argument 'cmake_target' from command line to 'None'
[0.363s] Level 5:colcon.colcon_core.verb:set package '3_node' build argument 'cmake_target_skip_unavailable' from command line to 'False'
[0.363s] Level 5:colcon.colcon_core.verb:set package '3_node' build argument 'cmake_clean_cache' from command line to 'False'
[0.363s] Level 5:colcon.colcon_core.verb:set package '3_node' build argument 'cmake_clean_first' from command line to 'False'
[0.363s] Level 5:colcon.colcon_core.verb:set package '3_node' build argument 'cmake_force_configure' from command line to 'False'
[0.363s] Level 5:colcon.colcon_core.verb:set package '3_node' build argument 'ament_cmake_args' from command line to 'None'
[0.363s] Level 5:colcon.colcon_core.verb:set package '3_node' build argument 'catkin_cmake_args' from command line to 'None'
[0.363s] Level 5:colcon.colcon_core.verb:set package '3_node' build argument 'catkin_skip_building_tests' from command line to 'False'
[0.363s] DEBUG:colcon.colcon_core.verb:Building package '3_node' with the following arguments: {'ament_cmake_args': None, 'build_base': '/root/ros_ws/task1_ws/3_node/build/3_node', 'catkin_cmake_args': None, 'catkin_skip_building_tests': False, 'cmake_args': None, 'cmake_clean_cache': False, 'cmake_clean_first': False, 'cmake_force_configure': False, 'cmake_target': None, 'cmake_target_skip_unavailable': False, 'install_base': '/root/ros_ws/task1_ws/3_node/install/3_node', 'merge_install': False, 'path': '/root/ros_ws/task1_ws/3_node', 'symlink_install': False, 'test_result_base': None}
[0.363s] INFO:colcon.colcon_core.executor:Executing jobs using 'parallel' executor
[0.365s] DEBUG:colcon.colcon_parallel_executor.executor.parallel:run_until_complete
[0.366s] INFO:colcon.colcon_ros.task.ament_python.build:Building ROS package in '/root/ros_ws/task1_ws/3_node' with build type 'ament_python'
[0.366s] Level 1:colcon.colcon_core.shell:create_environment_hook('3_node', 'ament_prefix_path')
[0.368s] INFO:colcon.colcon_core.plugin_system:Skipping extension 'colcon_core.shell.bat': Not used on non-Windows systems
[0.369s] INFO:colcon.colcon_core.shell:Creating environment hook '/root/ros_ws/task1_ws/3_node/install/3_node/share/3_node/hook/ament_prefix_path.ps1'
[0.369s] INFO:colcon.colcon_core.shell:Creating environment descriptor '/root/ros_ws/task1_ws/3_node/install/3_node/share/3_node/hook/ament_prefix_path.dsv'
[0.370s] INFO:colcon.colcon_core.shell:Creating environment hook '/root/ros_ws/task1_ws/3_node/install/3_node/share/3_node/hook/ament_prefix_path.sh'
[0.371s] INFO:colcon.colcon_core.shell:Skip shell extension 'powershell' for command environment: Not usable outside of PowerShell
[0.371s] DEBUG:colcon.colcon_core.shell:Skip shell extension 'dsv' for command environment
[0.681s] INFO:colcon.colcon_core.task.python.build:Building Python package in '/root/ros_ws/task1_ws/3_node'
[0.681s] INFO:colcon.colcon_core.shell:Skip shell extension 'powershell' for command environment: Not usable outside of PowerShell
[0.681s] DEBUG:colcon.colcon_core.shell:Skip shell extension 'dsv' for command environment
[1.040s] DEBUG:colcon.colcon_core.event_handler.log_command:Invoking command in '/root/ros_ws/task1_ws/3_node': PYTHONPATH=/root/ros_ws/task1_ws/3_node/build/3_node/prefix_override:/usr/lib/python3/dist-packages/colcon_core/task/python/colcon_distutils_commands:/root/ros_ws/task1_ws/3_node/install/3_node/lib/python3.10/site-packages:${PYTHONPATH} /usr/bin/python3 -W ignore:setup.py install is deprecated -W ignore:easy_install command is deprecated setup.py egg_info --egg-base build/3_node build --build-base /root/ros_ws/task1_ws/3_node/build/3_node/build install --record /root/ros_ws/task1_ws/3_node/build/3_node/install.log --single-version-externally-managed install_data
[1.384s] DEBUG:colcon.colcon_core.event_handler.log_command:Invoked command in '/root/ros_ws/task1_ws/3_node' returned '0': PYTHONPATH=/root/ros_ws/task1_ws/3_node/build/3_node/prefix_override:/usr/lib/python3/dist-packages/colcon_core/task/python/colcon_distutils_commands:/root/ros_ws/task1_ws/3_node/install/3_node/lib/python3.10/site-packages:${PYTHONPATH} /usr/bin/python3 -W ignore:setup.py install is deprecated -W ignore:easy_install command is deprecated setup.py egg_info --egg-base build/3_node build --build-base /root/ros_ws/task1_ws/3_node/build/3_node/build install --record /root/ros_ws/task1_ws/3_node/build/3_node/install.log --single-version-externally-managed install_data
[1.388s] Level 1:colcon.colcon_core.environment:checking '/root/ros_ws/task1_ws/3_node/install/3_node' for CMake module files
[1.388s] Level 1:colcon.colcon_core.environment:checking '/root/ros_ws/task1_ws/3_node/install/3_node' for CMake config files
[1.389s] Level 1:colcon.colcon_core.environment:checking '/root/ros_ws/task1_ws/3_node/install/3_node/lib'
[1.389s] Level 1:colcon.colcon_core.environment:checking '/root/ros_ws/task1_ws/3_node/install/3_node/bin'
[1.389s] Level 1:colcon.colcon_core.environment:checking '/root/ros_ws/task1_ws/3_node/install/3_node/lib/pkgconfig/3_node.pc'
[1.390s] Level 1:colcon.colcon_core.environment:checking '/root/ros_ws/task1_ws/3_node/install/3_node/lib/python3.10/site-packages'
[1.390s] Level 1:colcon.colcon_core.shell:create_environment_hook('3_node', 'pythonpath')
[1.390s] INFO:colcon.colcon_core.shell:Creating environment hook '/root/ros_ws/task1_ws/3_node/install/3_node/share/3_node/hook/pythonpath.ps1'
[1.391s] INFO:colcon.colcon_core.shell:Creating environment descriptor '/root/ros_ws/task1_ws/3_node/install/3_node/share/3_node/hook/pythonpath.dsv'
[1.391s] INFO:colcon.colcon_core.shell:Creating environment hook '/root/ros_ws/task1_ws/3_node/install/3_node/share/3_node/hook/pythonpath.sh'
[1.392s] Level 1:colcon.colcon_core.environment:checking '/root/ros_ws/task1_ws/3_node/install/3_node/bin'
[1.392s] Level 1:colcon.colcon_core.environment:create_environment_scripts_only(3_node)
[1.392s] INFO:colcon.colcon_core.shell:Creating package script '/root/ros_ws/task1_ws/3_node/install/3_node/share/3_node/package.ps1'
[1.394s] INFO:colcon.colcon_core.shell:Creating package descriptor '/root/ros_ws/task1_ws/3_node/install/3_node/share/3_node/package.dsv'
[1.394s] INFO:colcon.colcon_core.shell:Creating package script '/root/ros_ws/task1_ws/3_node/install/3_node/share/3_node/package.sh'
[1.395s] INFO:colcon.colcon_core.shell:Creating package script '/root/ros_ws/task1_ws/3_node/install/3_node/share/3_node/package.bash'
[1.396s] INFO:colcon.colcon_core.shell:Creating package script '/root/ros_ws/task1_ws/3_node/install/3_node/share/3_node/package.zsh'
[1.397s] Level 1:colcon.colcon_core.environment:create_file_with_runtime_dependencies(/root/ros_ws/task1_ws/3_node/install/3_node/share/colcon-core/packages/3_node)
[1.397s] DEBUG:colcon.colcon_parallel_executor.executor.parallel:closing loop
[1.398s] DEBUG:colcon.colcon_parallel_executor.executor.parallel:loop closed
[1.398s] DEBUG:colcon.colcon_parallel_executor.executor.parallel:run_until_complete finished with '0'
[1.398s] DEBUG:colcon.colcon_core.event_reactor:joining thread
[1.404s] INFO:colcon.colcon_core.plugin_system:Skipping extension 'colcon_notification.desktop_notification.notify_send': Could not find 'notify-send'
[1.404s] INFO:colcon.colcon_core.plugin_system:Skipping extension 'colcon_notification.desktop_notification.terminal_notifier': Not used on non-Darwin systems
[1.404s] INFO:colcon.colcon_core.plugin_system:Skipping extension 'colcon_notification.desktop_notification.win32': Not used on non-Windows systems
[1.404s] INFO:colcon.colcon_notification.desktop_notification:Sending desktop notification using 'notify2'
[1.406s] DEBUG:colcon.colcon_notification.desktop_notification.notify2:Failed to initialize notify2: org.freedesktop.DBus.Error.Spawn.ExecFailed: /usr/bin/dbus-launch terminated abnormally without any error message
[1.407s] DEBUG:colcon.colcon_core.event_reactor:joined thread
[1.408s] INFO:colcon.colcon_core.shell:Creating prefix script '/root/ros_ws/task1_ws/3_node/install/local_setup.ps1'
[1.409s] INFO:colcon.colcon_core.shell:Creating prefix util module '/root/ros_ws/task1_ws/3_node/install/_local_setup_util_ps1.py'
[1.411s] INFO:colcon.colcon_core.shell:Creating prefix chain script '/root/ros_ws/task1_ws/3_node/install/setup.ps1'
[1.413s] INFO:colcon.colcon_core.shell:Creating prefix script '/root/ros_ws/task1_ws/3_node/install/local_setup.sh'
[1.414s] INFO:colcon.colcon_core.shell:Creating prefix util module '/root/ros_ws/task1_ws/3_node/install/_local_setup_util_sh.py'
[1.414s] INFO:colcon.colcon_core.shell:Creating prefix chain script '/root/ros_ws/task1_ws/3_node/install/setup.sh'
[1.416s] INFO:colcon.colcon_core.shell:Creating prefix script '/root/ros_ws/task1_ws/3_node/install/local_setup.bash'
[1.416s] INFO:colcon.colcon_core.shell:Creating prefix chain script '/root/ros_ws/task1_ws/3_node/install/setup.bash'
[1.418s] INFO:colcon.colcon_core.shell:Creating prefix script '/root/ros_ws/task1_ws/3_node/install/local_setup.zsh'
[1.418s] INFO:colcon.colcon_core.shell:Creating prefix chain script '/root/ros_ws/task1_ws/3_node/install/setup.zsh'
