[0.395s] Invoking command in '/root/ros_ws/task1_ws/3_node': PYTHONPATH=/root/ros_ws/task1_ws/3_node/build/3_node/prefix_override:/usr/lib/python3/dist-packages/colcon_core/task/python/colcon_distutils_commands:/root/ros_ws/task1_ws/3_node/install/3_node/lib/python3.10/site-packages:${PYTHONPATH} /usr/bin/python3 -W ignore:setup.py install is deprecated -W ignore:easy_install command is deprecated setup.py egg_info --egg-base build/3_node build --build-base /root/ros_ws/task1_ws/3_node/build/3_node/build install --record /root/ros_ws/task1_ws/3_node/build/3_node/install.log --single-version-externally-managed install_data
[0.548s] running egg_info
[0.549s] writing build/3_node/3_node.egg-info/PKG-INFO
[0.549s] writing dependency_links to build/3_node/3_node.egg-info/dependency_links.txt
[0.549s] writing entry points to build/3_node/3_node.egg-info/entry_points.txt
[0.549s] writing requirements to build/3_node/3_node.egg-info/requires.txt
[0.549s] writing top-level names to build/3_node/3_node.egg-info/top_level.txt
[0.550s] reading manifest file 'build/3_node/3_node.egg-info/SOURCES.txt'
[0.550s] adding license file 'LICENSE'
[0.550s] writing manifest file 'build/3_node/3_node.egg-info/SOURCES.txt'
[0.550s] running build
[0.550s] running build_py
[0.550s] copying 3_node/sensor_node.py -> /root/ros_ws/task1_ws/3_node/build/3_node/build/lib/3_node
[0.550s] running install
[0.550s] running install_lib
[0.551s] copying /root/ros_ws/task1_ws/3_node/build/3_node/build/lib/3_node/sensor_node.py -> /root/ros_ws/task1_ws/3_node/install/3_node/lib/python3.10/site-packages/3_node
[0.551s] byte-compiling /root/ros_ws/task1_ws/3_node/install/3_node/lib/python3.10/site-packages/3_node/sensor_node.py to sensor_node.cpython-310.pyc
[0.552s] running install_data
[0.552s] running install_egg_info
[0.553s] removing '/root/ros_ws/task1_ws/3_node/install/3_node/lib/python3.10/site-packages/3_node-0.0.0-py3.10.egg-info' (and everything under it)
[0.553s] Copying build/3_node/3_node.egg-info to /root/ros_ws/task1_ws/3_node/install/3_node/lib/python3.10/site-packages/3_node-0.0.0-py3.10.egg-info
[0.554s] running install_scripts
[0.568s] Installing sensor script to /root/ros_ws/task1_ws/3_node/install/3_node/lib/3_node
[0.568s] writing list of installed files to '/root/ros_ws/task1_ws/3_node/build/3_node/install.log'
[0.581s] Invoked command in '/root/ros_ws/task1_ws/3_node' returned '0': PYTHONPATH=/root/ros_ws/task1_ws/3_node/build/3_node/prefix_override:/usr/lib/python3/dist-packages/colcon_core/task/python/colcon_distutils_commands:/root/ros_ws/task1_ws/3_node/install/3_node/lib/python3.10/site-packages:${PYTHONPATH} /usr/bin/python3 -W ignore:setup.py install is deprecated -W ignore:easy_install command is deprecated setup.py egg_info --egg-base build/3_node build --build-base /root/ros_ws/task1_ws/3_node/build/3_node/build install --record /root/ros_ws/task1_ws/3_node/build/3_node/install.log --single-version-externally-managed install_data
