running egg_info
writing build/3_node/3_node.egg-info/PKG-INFO
writing dependency_links to build/3_node/3_node.egg-info/dependency_links.txt
writing entry points to build/3_node/3_node.egg-info/entry_points.txt
writing requirements to build/3_node/3_node.egg-info/requires.txt
writing top-level names to build/3_node/3_node.egg-info/top_level.txt
reading manifest file 'build/3_node/3_node.egg-info/SOURCES.txt'
adding license file 'LICENSE'
writing manifest file 'build/3_node/3_node.egg-info/SOURCES.txt'
running build
running build_py
copying 3_node/sensor_node.py -> /root/ros_ws/task1_ws/3_node/build/3_node/build/lib/3_node
running install
running install_lib
copying /root/ros_ws/task1_ws/3_node/build/3_node/build/lib/3_node/sensor_node.py -> /root/ros_ws/task1_ws/3_node/install/3_node/lib/python3.10/site-packages/3_node
byte-compiling /root/ros_ws/task1_ws/3_node/install/3_node/lib/python3.10/site-packages/3_node/sensor_node.py to sensor_node.cpython-310.pyc
running install_data
running install_egg_info
removing '/root/ros_ws/task1_ws/3_node/install/3_node/lib/python3.10/site-packages/3_node-0.0.0-py3.10.egg-info' (and everything under it)
Copying build/3_node/3_node.egg-info to /root/ros_ws/task1_ws/3_node/install/3_node/lib/python3.10/site-packages/3_node-0.0.0-py3.10.egg-info
running install_scripts
Installing sensor script to /root/ros_ws/task1_ws/3_node/install/3_node/lib/3_node
writing list of installed files to '/root/ros_ws/task1_ws/3_node/build/3_node/install.log'
